I'm sorry, but errors were detected in your script. Please correct the
errors listed below, and try again.


File "game/gui.rpy", line 134: invalid syntax
    style.default.xalign = 0.5
                          ^

Ren'Py Version: Ren'Py 7.4.6.1693
Sun Jul  4 17:22:00 2021
